
PANKAJ@DESKTOP-O0RSMQB MINGW64 ~/Desktop/LearningGit
$ git init
Initialized empty Git repository in C:/Users/PANKAJ/Desktop/LearningGit/.git/

PANKAJ@DESKTOP-O0RSMQB MINGW64 ~/Desktop/LearningGit (master)
$ git config --global user.name "pankaj1010"

PANKAJ@DESKTOP-O0RSMQB MINGW64 ~/Desktop/LearningGit (master)
$ git config --global user.email "pankajdevgade10@gmail.com"

PANKAJ@DESKTOP-O0RSMQB MINGW64 ~/Desktop/LearningGit (master)
$ git remote add origin https://github.com/pankaj101010/LearningGit.git

PANKAJ@DESKTOP-O0RSMQB MINGW64 ~/Desktop/LearningGit (master)
$ git status
On branch master

No commits yet

Untracked files:
  (use "git add <file>..." to include in what will be committed)

        FirstSession.txt

nothing added to commit but untracked files present (use "git add" to track)

PANKAJ@DESKTOP-O0RSMQB MINGW64 ~/Desktop/LearningGit (master)
$ git add .

PANKAJ@DESKTOP-O0RSMQB MINGW64 ~/Desktop/LearningGit (master)
$ git commit -m "first commit"
[master (root-commit) 7150904] first commit
 1 file changed, 1 insertion(+)
 create mode 100644 FirstSession.txt

PANKAJ@DESKTOP-O0RSMQB MINGW64 ~/Desktop/LearningGit (master)
$ git push origin master
Enumerating objects: 3, done.
Counting objects: 100% (3/3), done.
Writing objects: 100% (3/3), 255 bytes | 127.00 KiB/s, done.
Total 3 (delta 0), reused 0 (delta 0)
To https://github.com/pankaj101010/LearningGit.git
 * [new branch]      master -> master

PANKAJ@DESKTOP-O0RSMQB MINGW64 ~/Desktop/LearningGit (master)
$
